some { range := { pos := { line := 133, column := 40 },
             charUtf16 := 40,
             endPos := { line := 139, column := 31 },
             endCharUtf16 := 31 },
  selectionRange := { pos := { line := 133, column := 44 },
                      charUtf16 := 44,
                      endPos := { line := 133, column := 56 },
                      endCharUtf16 := 56 } }
