Try this: simp only [f]
Try this: simp only [length]
Try this: simp only [fact]
Try this: simp only [head]
Try this: simp only [foo]
Try this: simp only [g, Id.pure_eq]
Try this: simp only [f1, modify, StateT.modifyGet, f2, StateT.bind, getThe, StateT.get, StateT.set]
Try this: simp only [bla, h]
