6
"cd"
""
2
{ byteIdx := 0 }
{ byteIdx := 2 }
{ byteIdx := 4 }
String.Iterator.mk "αacc" { byteIdx := 2 }
{ byteIdx := 6 }
["0", ""]
["0", ""]
["ab", "ab"]
["", "", "c", "cαα", "cα"]
["αb", "bcαα", ""]
